00000h                                                           ; program skanuje szynę I2C i wyszukuje podlaczone urządzenia
00000h                                                           ; na CA80 wyświetla "adres" do zapisu /CYF4, CYF3/ i odczytu /CYF1, CYF0/
00000h                                                           ; interfejs I2C podlaczony do:
00000h                                                           ; SDA - /PC0/ do pinu 18 złacza uzytkownika /port 8255 na płytce MIK89
00000h                                                           ; SCL - /PC4/ do pinu 22 złącza użytkwnika j.w.
00000h                                                           ; +5V - do pinu 48 zlacza uzytkownika j.w.
00000h                                                           ; lub SDA - pin 14a SCL - pin 13a w ZU64
00000h                                                           ; GND - do pinu 50 zlacza uzytkownika j.w.
00000h            PRINT:                EQU       01D4H          ; wysw. komunikatu na CA
00000h            CTRL:                 EQU       0E3H           ; slowo kontrolne portu uzytkownika /E3/
00000h            PORT_A:               EQU       CTRL-3
00000h            PORT_B:               EQU       CTRL-2
00000h            PORT_C:               EQU       CTRL-1
00000h                                            
00000h                                  ORG       0EA00H
0EA00h            SKAN:                           
0EA00h D7                               RST       10H
0EA01h 80                               DEFB      80H
0EA02h            SKAN11:                         
0EA02h 3EE3                             LD        A,CTRL         ; tu wpisujemy port jesli zlacze uzytkownik to E3
0EA04h                                            
0EA04h 2601                             LD        H,1            ; licznik urzadzen
0EA06h 2E0E                             LD        L,#E           ; poczatkowy adres /odczyt/, bedzie zwiekszany o 2
0EA08h                                                           ; az do znalezienia urzadzenia
0EA08h                                            
0EA08h            SKAN1:                          
0EA08h CD9AEA                           CALL      START_I2C
0EA0Bh E5                               PUSH      HL
0EA0Ch CD59EA                           CALL      ZAP_BAJT
0EA0Fh FE00                             CP        0              ; rej. B=0, wszystkie proby
0EA11h 2814                             JR        Z,SKAN_D       ; dalej
0EA13h                                                           ; znaleziono urzadzenie
0EA13h 7D                               LD        A,L
0EA14h FE0E                             CP        #E             ; znaczy brak urzadzenia
0EA16h CAB7EA                           JP        Z,NO_A
0EA19h DF                               RST       18H            ; wysw. rej. A
0EA1Ah 23                               DEFB      23H            ; PWYSW
0EA1Bh 3C                               INC       A
0EA1Ch DF                               RST       18H
0EA1Dh 20                               DEFB      20H
0EA1Eh 7C                               LD        A,H
0EA1Fh DF                               RST       18H
0EA20h 17                               DEFB      17H            ; wysw. nr pamieci /1-7/
0EA21h CF                               RST       8              ; CF czekaj na wcisniecie klawisza
0EA22h 2C                               INC       L
0EA23h 2C                               INC       L
0EA24h 24                               INC       H              ; licznik urzadzen /nr pamieci /od 1 do max 8/ w moim przypadku 
0EA25h 18E1                             JR        SKAN1          ; wyszukaj nastepne urzadzenie
0EA27h                                            
0EA27h            SKAN_D:                         
0EA27h 2C                               INC       L
0EA28h 2C                               INC       L
0EA29h 7D                               LD        A,L
0EA2Ah FEA0                             CP        0A0H
0EA2Ch 3801                             JR        C,SK2
0EA2Eh 00                               NOP                      ;inc H; nr pamieci /1-8/  
0EA2Fh            SK2:                            
0EA2Fh FEFE                             CP        0FEH           ; ostatni mozliwy adres "odczytu"
0EA31h 20D5                             JR        NZ,SKAN1
0EA33h                                                           ; nie znaleziono urzadzenia
0EA33h 213DEA                           LD        HL,BRAK
0EA36h CDD401                           CALL      1D4H
0EA39h 60                               DEFB      60H
0EA3Ah CF                               RST       8              ; CF czekaj na wcisniecie klawisza
0EA3Bh 18C3                             JR        SKAN           ; jeszcze raz
0EA3Dh                                                           ;na CA80
0EA3Dh 785C540679 BRAK:                 DEFB      78H,5CH,54H,6,79H,58H,0FFH;"koniec"
0EA44h                                                           ; na LCD /przy szukaniu programow
0EA44h DDE2                             DEFB      0DDH,0E2H      ; marker nazwy programu dla szukania w EEPROM
0EA46h 20534B414E                       DEFM      " SKANER I2C portP3",255; koniec napisu
0EA59h                                            
0EA59h            ZAP_BAJT:                                      ; wpis bajtu do EEPROM, w E dana do zapisu
0EA59h                                                           ; ustawia bity P0-P7 na PCF8574
0EA59h                                                           ;PC4/SCL, PA0/SDA, jesli PA, PC jako WEJSCIE
0EA59h                                                           ; WYJ: 0 -  brak urzadzenia, w rej. L adres urzadzenia
0EA59h 5D                               LD        E,L
0EA5Ah            ZAP1:                           
0EA5Ah 1608                             LD        D,08H          ;ilosc bitów
0EA5Ch            ZAP:                            
0EA5Ch 7B                               LD        A,E            ; odtworzenie danej do wpisu
0EA5Dh 07                               RLCA                     ; przesuń na lewo /na znacznik C/
0EA5Eh 5F                               LD        E,A            ; zapamiętanie
0EA5Fh 3822                             JR        C,ZAPJEDYNKE   ; wyslij "1"
0EA61h                                                           ;wyslanie "0"
0EA61h 3E80                             LD        A,80H          ; PA i PC jako WYJ/ RES SDA i RES SCL
0EA63h D3E3                             OUT       (CTRL),A       ; ustawia dane "0" na SDA
0EA65h            ZEGAR:                          
0EA65h CD89EA                           CALL      CLK
0EA68h 15                               DEC       D              ; czy 8. bit?
0EA69h 20F1                             JR        NZ,ZAP
0EA6Bh            ACK:                            
0EA6Bh 3E89                             LD        A,89H          ; PA/9b/ PC WEJ, poczatek 9. cyklu SCL "1" /PC->89
0EA6Dh D3E3                             OUT       (CTRL),A
0EA6Fh 00                               NOP       
0EA70h 06FF                             LD        B,0FFH         ; ilosc prób sprawdz. ACK
0EA72h            ACK_0:                          
0EA72h 05                               DEC       B
0EA73h 28B2                             JR        Z,SKAN_D
0EA75h DBE2                             IN        A,(PORT_C)     ; odczyt portu PA
0EA77h CB47                             BIT       0H,A           ; testuj bit 0 (SDA=0 potwierdzenie, SDA=1 brak
0EA79h 20F7                             JR        NZ,ACK_0       ; czekaj aż ACK
0EA7Bh 3E90                             LD        A,90H
0EA7Dh D3E3                             OUT       (CTRL),A       ;PA WEJ, PC WYJ, koniec 9. cyklu SCL /SDA "1" SCL "0"
0EA7Fh CDA7EA                           CALL      STOP
0EA82h C9                               RET       
0EA83h                                            
0EA83h            ZAPJEDYNKE:                     
0EA83h 3E81                             LD        A,81H          ;  PA /90/ WEJ/SDA/, PC WYJ/SCL/ PC/81
0EA85h D3E3                             OUT       (CTRL),A       ; ustawia dane "1" na SDA
0EA87h 18DC                             JR        ZEGAR
0EA89h                                            
0EA89h            CLK:                                           ; port C.4 /
0EA89h 3E10                             LD        A,10H          ; ld a, 9
0EA8Bh D3E2                             OUT       (PORT_C),A     ; SET SCL  ; out (CTRL), A
0EA8Dh AF                               XOR       A              ; RES SCL          ; nop dec A
0EA8Eh            CLK1:                           
0EA8Eh D3E2                             OUT       (PORT_C),A     ; out (ctrl), A
0EA90h C9                               RET                      ; ret
0EA91h                                            
0EA91h            SCLH:                                          ; SCL /Port PC4/ na H
0EA91h 3E10                             LD        A,10H          ; ld A, 8
0EA93h D3E2                             OUT       (PORT_C),A     ; out (ctrl), a
0EA95h C9                               RET                      ; ret
0EA96h                                            
0EA96h            SCLL:                                          ; SCL na L                  ; ld A, 8    
0EA96h AF                               XOR       A              ; ustaw SCL /port PC4/ na L   ; jr clk1
0EA97h D3E2                             OUT       (PORT_C),A
0EA99h C9                               RET       
0EA9Ah                                            
0EA9Ah            START_I2C:                                     ; procedura START dla pamieci typu 24Cxxx, I2C
0EA9Ah 3E89                             LD        A,89H          ; konfiguracja portów  PA/9b/, PB i PC WEJ pc89
0EA9Ch D3E3                             OUT       (CTRL),A
0EA9Eh 3E88                             LD        A,88H          ; PA/8A i PB WYJ, PC0-3 - WYJ, PC4-7 WEJ  Pc/88
0EAA0h D3E3                             OUT       (CTRL),A
0EAA2h 3E80                             LD        A,80H          ;PA, PB, PC jako WYJ
0EAA4h D3E3                             OUT       (CTRL),A
0EAA6h C9                               RET       
0EAA7h            STOP:                                          ; procedura STOP dla pamięci typu 24Cxxx, I2C
0EAA7h 3E80                             LD        A,80H          ; Pa /80 , Pc 80
0EAA9h D3E3                             OUT       (CTRL),A
0EAABh 3E88                             LD        A,88H          ; Pa /88  Pc 88
0EAADh D3E3                             OUT       (CTRL),A
0EAAFh 3E89                             LD        A,89H          ; PA/89/ - WEJ, PB I PC WYJ Pc 90
0EAB1h D3E3                             OUT       (CTRL),A
0EAB3h 76                               HALT      
0EAB4h 76                               HALT      
0EAB5h 76                               HALT      
0EAB6h C9                               RET       
0EAB7h                                            
0EAB7h            NO_A:                                          ; gdy blad ACK
0EAB7h 21D7EA                           LD        HL,NO_ACK
0EABAh CDD401                           CALL      PRINT
0EABDh 80                               DEFB      80H
0EABEh CF                               RST       8              ; CF - czekaj na klawisz
0EABFh C300EA                           JP        SKAN
0EAC2h                                            
0EAC2h DDE2                             DEFB      0DDH,0E2H      ; marker nazwy
0EAC4h 20534B414E                       DEFM      " SKANER iiC PC 0_4",255
0EAD7h 54DC5E791C NO_ACK:               DEFB      54H,0DCH,5EH,79H,1CH,6,39H,79H,255; "no.deviCE" dla ca80
